C:/Users/Marshall Saltz/Documents/Business - SaltzTech/project_goodboy/project_goodboy/Core/Src/stm32g0xx_hal_msp.c:62:6:HAL_MspInit	16	static
C:/Users/Marshall Saltz/Documents/Business - SaltzTech/project_goodboy/project_goodboy/Core/Src/stm32g0xx_hal_msp.c:85:6:HAL_I2C_MspInit	104	static
C:/Users/Marshall Saltz/Documents/Business - SaltzTech/project_goodboy/project_goodboy/Core/Src/stm32g0xx_hal_msp.c:135:6:HAL_I2C_MspDeInit	16	static
C:/Users/Marshall Saltz/Documents/Business - SaltzTech/project_goodboy/project_goodboy/Core/Src/stm32g0xx_hal_msp.c:168:6:HAL_TIM_Base_MspInit	24	static
C:/Users/Marshall Saltz/Documents/Business - SaltzTech/project_goodboy/project_goodboy/Core/Src/stm32g0xx_hal_msp.c:194:6:HAL_TIM_Base_MspDeInit	16	static
C:/Users/Marshall Saltz/Documents/Business - SaltzTech/project_goodboy/project_goodboy/Core/Src/stm32g0xx_hal_msp.c:219:6:HAL_UART_MspInit	104	static
C:/Users/Marshall Saltz/Documents/Business - SaltzTech/project_goodboy/project_goodboy/Core/Src/stm32g0xx_hal_msp.c:267:6:HAL_UART_MspDeInit	16	static
